tier plain
layout {Shape:stack Chrome:2 ChatList:{Col:0 Row:0 Width:0 Height:24} Header:{Col:0 Row:0 Width:67 Height:1} Transcript:{Col:0 Row:1 Width:67 Height:21} Composer:{Col:0 Row:22 Width:67 Height:1} HintBar:{Col:0 Row:23 Width:67 Height:1} ListFocused:false}
size 67x24
cursor {Column:3 Row:22 Style:6 Visible:true}
placements []
row 00
  000-000 w=1 size=0 fg=0x0 bg=0x1000000 ul=0x0 us=0 attr=0 link="" params="" [" "]
  001-009 w=1 size=0 fg=0x1000007 bg=0x1000000 ul=0x0 us=0 attr=2 link="" params="" ["c","o","n","t","a","c","t"," ","0"]
  010-066 w=1 size=0 fg=0x0 bg=0x1000000 ul=0x0 us=0 attr=0 link="" params="" [" "," "," "," "," "," "," "," "," "," "," "," "," "," "," "," "," "," "," "," "," "," "," "," "," "," "," "," "," "," "," "," "," "," "," "," "," "," "," "," "," "," "," "," "," "," "," "," "," "," "," "," "," "," "," "," "," "]
row 01
  000-001 w=1 size=0 fg=0x0 bg=0x0 ul=0x0 us=0 attr=0 link="" params="" [" "," "]
  002-002 w=1 size=0 fg=0x1000008 bg=0x1000000 ul=0x0 us=0 attr=0 link="" params="" ["|"]
  003-015 w=1 size=0 fg=0x1000007 bg=0x1000000 ul=0x0 us=0 attr=0 link="" params="" [" ","a","r","o","u","n","d",","," ","s","e","e"," "]
  016-039 w=1 size=0 fg=0x1000007 bg=0x1000000 ul=0x0 us=1 attr=0 link="https://example.com/spec" params="" ["h","t","t","p","s",":","/","/","e","x","a","m","p","l","e",".","c","o","m","/","s","p","e","c"]
  040-044 w=1 size=0 fg=0x1000007 bg=0x1000000 ul=0x0 us=0 attr=0 link="" params="" [" "," "," "," "," "]
  045-051 w=1 size=0 fg=0x1000008 bg=0x1000000 ul=0x0 us=0 attr=0 link="" params="" ["0","5",":","2","1"," ","|"]
  052-066 w=1 size=0 fg=0x0 bg=0x0 ul=0x0 us=0 attr=0 link="" params="" [" "," "," "," "," "," "," "," "," "," "," "," "," "," "," "]
row 02
  000-001 w=1 size=0 fg=0x0 bg=0x0 ul=0x0 us=0 attr=0 link="" params="" [" "," "]
  002-051 w=1 size=0 fg=0x1000008 bg=0x1000000 ul=0x0 us=0 attr=0 link="" params="" ["+","-","-","-","-","-","-","-","-","-","-","-","-","-","-","-","-","-","-","-","-","-","-","-","-","-","-","-","-","-","-","-","-","-","-","-","-","-","-","-","-","-","-","-","-","-","-","-","-","+"]
  052-066 w=1 size=0 fg=0x0 bg=0x0 ul=0x0 us=0 attr=0 link="" params="" [" "," "," "," "," "," "," "," "," "," "," "," "," "," "," "]
row 03
  000-066 w=1 size=0 fg=0x0 bg=0x0 ul=0x0 us=0 attr=0 link="" params="" [" "," "," "," "," "," "," "," "," "," "," "," "," "," "," "," "," "," "," "," "," "," "," "," "," "," "," "," "," "," "," "," "," "," "," "," "," "," "," "," "," "," "," "," "," "," "," "," "," "," "," "," "," "," "," "," "," "," "," "," "," "," "," "," "," "," "," "]
row 04
  000-014 w=1 size=0 fg=0x0 bg=0x0 ul=0x0 us=0 attr=0 link="" params="" [" "," "," "," "," "," "," "," "," "," "," "," "," "," "," "]
  015-064 w=1 size=0 fg=0x1000008 bg=0x1000000 ul=0x0 us=0 attr=0 link="" params="" ["+","-","-","-","-","-","-","-","-","-","-","-","-","-","-","-","-","-","-","-","-","-","-","-","-","-","-","-","-","-","-","-","-","-","-","-","-","-","-","-","-","-","-","-","-","-","-","-","-","+"]
  065-066 w=1 size=0 fg=0x0 bg=0x0 ul=0x0 us=0 attr=0 link="" params="" [" "," "]
row 05
  000-014 w=1 size=0 fg=0x0 bg=0x0 ul=0x0 us=0 attr=0 link="" params="" [" "," "," "," "," "," "," "," "," "," "," "," "," "," "," "]
  015-015 w=1 size=0 fg=0x1000008 bg=0x1000000 ul=0x0 us=0 attr=0 link="" params="" ["|"]
  016-063 w=1 size=0 fg=0x1000007 bg=0x1000000 ul=0x0 us=0 attr=0 link="" params="" [" ","P","R","O","T","O","C","O","L",".","m","d"," ","i","s"," ","t","h","e"," ","s","o","u","r","c","e"," ","o","f"," ","t","r","u","t","h",","," ","t","h","e"," ","d","a","e","m","o","n"," "]
  064-064 w=1 size=0 fg=0x1000008 bg=0x1000000 ul=0x0 us=0 attr=0 link="" params="" ["|"]
  065-066 w=1 size=0 fg=0x0 bg=0x0 ul=0x0 us=0 attr=0 link="" params="" [" "," "]
row 06
  000-014 w=1 size=0 fg=0x0 bg=0x0 ul=0x0 us=0 attr=0 link="" params="" [" "," "," "," "," "," "," "," "," "," "," "," "," "," "," "]
  015-015 w=1 size=0 fg=0x1000008 bg=0x1000000 ul=0x0 us=0 attr=0 link="" params="" ["|"]
  016-063 w=1 size=0 fg=0x1000007 bg=0x1000000 ul=0x0 us=0 attr=0 link="" params="" [" ","i","m","p","l","e","m","e","n","t","s"," ","t","h","e"," ","d","o","c","u","m","e","n","t"," ","a","n","d"," ","n","o","t"," ","t","h","e"," ","o","t","h","e","r"," ","w","a","y"," "," "]
  064-064 w=1 size=0 fg=0x1000008 bg=0x1000000 ul=0x0 us=0 attr=0 link="" params="" ["|"]
  065-066 w=1 size=0 fg=0x0 bg=0x0 ul=0x0 us=0 attr=0 link="" params="" [" "," "]
row 07
  000-014 w=1 size=0 fg=0x0 bg=0x0 ul=0x0 us=0 attr=0 link="" params="" [" "," "," "," "," "," "," "," "," "," "," "," "," "," "," "]
  015-015 w=1 size=0 fg=0x1000008 bg=0x1000000 ul=0x0 us=0 attr=0 link="" params="" ["|"]
  016-028 w=1 size=0 fg=0x1000007 bg=0x1000000 ul=0x0 us=0 attr=0 link="" params="" [" ","a","r","o","u","n","d",","," ","s","e","e"," "]
  029-052 w=1 size=0 fg=0x1000007 bg=0x1000000 ul=0x0 us=1 attr=0 link="https://example.com/spec" params="" ["h","t","t","p","s",":","/","/","e","x","a","m","p","l","e",".","c","o","m","/","s","p","e","c"]
  053-054 w=1 size=0 fg=0x1000007 bg=0x1000000 ul=0x0 us=0 attr=0 link="" params="" [" "," "]
  055-064 w=1 size=0 fg=0x1000008 bg=0x1000000 ul=0x0 us=0 attr=0 link="" params="" ["0","5",":","2","2"," ","✔","✔"," ","|"]
  065-066 w=1 size=0 fg=0x0 bg=0x0 ul=0x0 us=0 attr=0 link="" params="" [" "," "]
row 08
  000-014 w=1 size=0 fg=0x0 bg=0x0 ul=0x0 us=0 attr=0 link="" params="" [" "," "," "," "," "," "," "," "," "," "," "," "," "," "," "]
  015-064 w=1 size=0 fg=0x1000008 bg=0x1000000 ul=0x0 us=0 attr=0 link="" params="" ["+","-","-","-","-","-","-","-","-","-","-","-","-","-","-","-","-","-","-","-","-","-","-","-","-","-","-","-","-","-","-","-","-","-","-","-","-","-","-","-","-","-","-","-","-","-","-","-","-","+"]
  065-066 w=1 size=0 fg=0x0 bg=0x0 ul=0x0 us=0 attr=0 link="" params="" [" "," "]
row 09
  000-066 w=1 size=0 fg=0x0 bg=0x0 ul=0x0 us=0 attr=0 link="" params="" [" "," "," "," "," "," "," "," "," "," "," "," "," "," "," "," "," "," "," "," "," "," "," "," "," "," "," "," "," "," "," "," "," "," "," "," "," "," "," "," "," "," "," "," "," "," "," "," "," "," "," "," "," "," "," "," "," "," "," "," "," "," "," "," "," "," "," "]
row 10
  000-001 w=1 size=0 fg=0x0 bg=0x0 ul=0x0 us=0 attr=0 link="" params="" [" "," "]
  002-051 w=1 size=0 fg=0x1000008 bg=0x1000000 ul=0x0 us=0 attr=0 link="" params="" ["+","-","-","-","-","-","-","-","-","-","-","-","-","-","-","-","-","-","-","-","-","-","-","-","-","-","-","-","-","-","-","-","-","-","-","-","-","-","-","-","-","-","-","-","-","-","-","-","-","+"]
  052-066 w=1 size=0 fg=0x0 bg=0x0 ul=0x0 us=0 attr=0 link="" params="" [" "," "," "," "," "," "," "," "," "," "," "," "," "," "," "]
row 11
  000-001 w=1 size=0 fg=0x0 bg=0x0 ul=0x0 us=0 attr=0 link="" params="" [" "," "]
  002-002 w=1 size=0 fg=0x1000008 bg=0x1000000 ul=0x0 us=0 attr=0 link="" params="" ["|"]
  003-050 w=1 size=0 fg=0x1000002 bg=0x1000000 ul=0x0 us=0 attr=2 link="" params="" [" ","c","o","n","t","a","c","t"," ","0"," "," "," "," "," "," "," "," "," "," "," "," "," "," "," "," "," "," "," "," "," "," "," "," "," "," "," "," "," "," "," "," "," "," "," "," "," "," "]
  051-051 w=1 size=0 fg=0x1000008 bg=0x1000000 ul=0x0 us=0 attr=0 link="" params="" ["|"]
  052-066 w=1 size=0 fg=0x0 bg=0x0 ul=0x0 us=0 attr=0 link="" params="" [" "," "," "," "," "," "," "," "," "," "," "," "," "," "," "]
row 12
  000-001 w=1 size=0 fg=0x0 bg=0x0 ul=0x0 us=0 attr=0 link="" params="" [" "," "]
  002-002 w=1 size=0 fg=0x1000008 bg=0x1000000 ul=0x0 us=0 attr=0 link="" params="" ["|"]
  003-050 w=1 size=0 fg=0x1000007 bg=0x1000000 ul=0x0 us=0 attr=0 link="" params="" [" ","P","R","O","T","O","C","O","L",".","m","d"," ","i","s"," ","t","h","e"," ","s","o","u","r","c","e"," ","o","f"," ","t","r","u","t","h",","," ","t","h","e"," ","d","a","e","m","o","n"," "]
  051-051 w=1 size=0 fg=0x1000008 bg=0x1000000 ul=0x0 us=0 attr=0 link="" params="" ["|"]
  052-066 w=1 size=0 fg=0x0 bg=0x0 ul=0x0 us=0 attr=0 link="" params="" [" "," "," "," "," "," "," "," "," "," "," "," "," "," "," "]
row 13
  000-001 w=1 size=0 fg=0x0 bg=0x0 ul=0x0 us=0 attr=0 link="" params="" [" "," "]
  002-002 w=1 size=0 fg=0x1000008 bg=0x1000000 ul=0x0 us=0 attr=0 link="" params="" ["|"]
  003-050 w=1 size=0 fg=0x1000007 bg=0x1000000 ul=0x0 us=0 attr=0 link="" params="" [" ","i","m","p","l","e","m","e","n","t","s"," ","t","h","e"," ","d","o","c","u","m","e","n","t"," ","a","n","d"," ","n","o","t"," ","t","h","e"," ","o","t","h","e","r"," ","w","a","y"," "," "]
  051-051 w=1 size=0 fg=0x1000008 bg=0x1000000 ul=0x0 us=0 attr=0 link="" params="" ["|"]
  052-066 w=1 size=0 fg=0x0 bg=0x0 ul=0x0 us=0 attr=0 link="" params="" [" "," "," "," "," "," "," "," "," "," "," "," "," "," "," "]
row 14
  000-001 w=1 size=0 fg=0x0 bg=0x0 ul=0x0 us=0 attr=0 link="" params="" [" "," "]
  002-002 w=1 size=0 fg=0x1000008 bg=0x1000000 ul=0x0 us=0 attr=0 link="" params="" ["|"]
  003-015 w=1 size=0 fg=0x1000007 bg=0x1000000 ul=0x0 us=0 attr=0 link="" params="" [" ","a","r","o","u","n","d",","," ","s","e","e"," "]
  016-039 w=1 size=0 fg=0x1000007 bg=0x1000000 ul=0x0 us=1 attr=0 link="https://example.com/spec" params="" ["h","t","t","p","s",":","/","/","e","x","a","m","p","l","e",".","c","o","m","/","s","p","e","c"]
  040-044 w=1 size=0 fg=0x1000007 bg=0x1000000 ul=0x0 us=0 attr=0 link="" params="" [" "," "," "," "," "]
  045-051 w=1 size=0 fg=0x1000008 bg=0x1000000 ul=0x0 us=0 attr=0 link="" params="" ["0","5",":","2","3"," ","|"]
  052-066 w=1 size=0 fg=0x0 bg=0x0 ul=0x0 us=0 attr=0 link="" params="" [" "," "," "," "," "," "," "," "," "," "," "," "," "," "," "]
row 15
  000-001 w=1 size=0 fg=0x0 bg=0x0 ul=0x0 us=0 attr=0 link="" params="" [" "," "]
  002-051 w=1 size=0 fg=0x1000008 bg=0x1000000 ul=0x0 us=0 attr=0 link="" params="" ["+","-","-","-","-","-","-","-","-","-","-","-","-","-","-","-","-","-","-","-","-","-","-","-","-","-","-","-","-","-","-","-","-","-","-","-","-","-","-","-","-","-","-","-","-","-","-","-","-","+"]
  052-066 w=1 size=0 fg=0x0 bg=0x0 ul=0x0 us=0 attr=0 link="" params="" [" "," "," "," "," "," "," "," "," "," "," "," "," "," "," "]
row 16
  000-066 w=1 size=0 fg=0x0 bg=0x0 ul=0x0 us=0 attr=0 link="" params="" [" "," "," "," "," "," "," "," "," "," "," "," "," "," "," "," "," "," "," "," "," "," "," "," "," "," "," "," "," "," "," "," "," "," "," "," "," "," "," "," "," "," "," "," "," "," "," "," "," "," "," "," "," "," "," "," "," "," "," "," "," "," "," "," "," "," "," "]
row 17
  000-014 w=1 size=0 fg=0x0 bg=0x0 ul=0x0 us=0 attr=0 link="" params="" [" "," "," "," "," "," "," "," "," "," "," "," "," "," "," "]
  015-064 w=1 size=0 fg=0x1000008 bg=0x1000000 ul=0x0 us=0 attr=0 link="" params="" ["+","-","-","-","-","-","-","-","-","-","-","-","-","-","-","-","-","-","-","-","-","-","-","-","-","-","-","-","-","-","-","-","-","-","-","-","-","-","-","-","-","-","-","-","-","-","-","-","-","+"]
  065-066 w=1 size=0 fg=0x0 bg=0x0 ul=0x0 us=0 attr=0 link="" params="" [" "," "]
row 18
  000-014 w=1 size=0 fg=0x0 bg=0x0 ul=0x0 us=0 attr=0 link="" params="" [" "," "," "," "," "," "," "," "," "," "," "," "," "," "," "]
  015-015 w=1 size=0 fg=0x1000008 bg=0x1000000 ul=0x0 us=0 attr=0 link="" params="" ["|"]
  016-063 w=1 size=0 fg=0x1000007 bg=0x1000000 ul=0x0 us=0 attr=0 link="" params="" [" ","P","R","O","T","O","C","O","L",".","m","d"," ","i","s"," ","t","h","e"," ","s","o","u","r","c","e"," ","o","f"," ","t","r","u","t","h",","," ","t","h","e"," ","d","a","e","m","o","n"," "]
  064-064 w=1 size=0 fg=0x1000008 bg=0x1000000 ul=0x0 us=0 attr=0 link="" params="" ["|"]
  065-066 w=1 size=0 fg=0x0 bg=0x0 ul=0x0 us=0 attr=0 link="" params="" [" "," "]
row 19
  000-014 w=1 size=0 fg=0x0 bg=0x0 ul=0x0 us=0 attr=0 link="" params="" [" "," "," "," "," "," "," "," "," "," "," "," "," "," "," "]
  015-015 w=1 size=0 fg=0x1000008 bg=0x1000000 ul=0x0 us=0 attr=0 link="" params="" ["|"]
  016-063 w=1 size=0 fg=0x1000007 bg=0x1000000 ul=0x0 us=0 attr=0 link="" params="" [" ","i","m","p","l","e","m","e","n","t","s"," ","t","h","e"," ","d","o","c","u","m","e","n","t"," ","a","n","d"," ","n","o","t"," ","t","h","e"," ","o","t","h","e","r"," ","w","a","y"," "," "]
  064-064 w=1 size=0 fg=0x1000008 bg=0x1000000 ul=0x0 us=0 attr=0 link="" params="" ["|"]
  065-066 w=1 size=0 fg=0x0 bg=0x0 ul=0x0 us=0 attr=0 link="" params="" [" "," "]
row 20
  000-014 w=1 size=0 fg=0x0 bg=0x0 ul=0x0 us=0 attr=0 link="" params="" [" "," "," "," "," "," "," "," "," "," "," "," "," "," "," "]
  015-015 w=1 size=0 fg=0x1000008 bg=0x1000000 ul=0x0 us=0 attr=0 link="" params="" ["|"]
  016-028 w=1 size=0 fg=0x1000007 bg=0x1000000 ul=0x0 us=0 attr=0 link="" params="" [" ","a","r","o","u","n","d",","," ","s","e","e"," "]
  029-052 w=1 size=0 fg=0x1000007 bg=0x1000000 ul=0x0 us=1 attr=0 link="https://example.com/spec" params="" ["h","t","t","p","s",":","/","/","e","x","a","m","p","l","e",".","c","o","m","/","s","p","e","c"]
  053-054 w=1 size=0 fg=0x1000007 bg=0x1000000 ul=0x0 us=0 attr=0 link="" params="" [" "," "]
  055-064 w=1 size=0 fg=0x1000008 bg=0x1000000 ul=0x0 us=0 attr=0 link="" params="" ["0","5",":","2","4"," ","✔","✔"," ","|"]
  065-066 w=1 size=0 fg=0x0 bg=0x0 ul=0x0 us=0 attr=0 link="" params="" [" "," "]
row 21
  000-014 w=1 size=0 fg=0x0 bg=0x0 ul=0x0 us=0 attr=0 link="" params="" [" "," "," "," "," "," "," "," "," "," "," "," "," "," "," "]
  015-064 w=1 size=0 fg=0x1000008 bg=0x1000000 ul=0x0 us=0 attr=0 link="" params="" ["+","-","-","-","-","-","-","-","-","-","-","-","-","-","-","-","-","-","-","-","-","-","-","-","-","-","-","-","-","-","-","-","-","-","-","-","-","-","-","-","-","-","-","-","-","-","-","-","-","+"]
  065-066 w=1 size=0 fg=0x0 bg=0x0 ul=0x0 us=0 attr=0 link="" params="" [" "," "]
row 22
  000-000 w=1 size=0 fg=0x0 bg=0x1000000 ul=0x0 us=0 attr=0 link="" params="" [" "]
  001-001 w=1 size=0 fg=0x1000006 bg=0x1000000 ul=0x0 us=0 attr=0 link="" params="" ["›"]
  002-002 w=1 size=0 fg=0x0 bg=0x1000000 ul=0x0 us=0 attr=0 link="" params="" [" "]
  003-016 w=1 size=0 fg=0x1000008 bg=0x1000000 ul=0x0 us=0 attr=0 link="" params="" ["t","y","p","e"," ","a"," ","m","e","s","s","a","g","e"]
  017-066 w=1 size=0 fg=0x0 bg=0x1000000 ul=0x0 us=0 attr=0 link="" params="" [" "," "," "," "," "," "," "," "," "," "," "," "," "," "," "," "," "," "," "," "," "," "," "," "," "," "," "," "," "," "," "," "," "," "," "," "," "," "," "," "," "," "," "," "," "," "," "," "," "," "]
row 23
  000-000 w=1 size=0 fg=0x0 bg=0x0 ul=0x0 us=0 attr=0 link="" params="" [" "]
  001-010 w=1 size=0 fg=0x1000008 bg=0x0 ul=0x0 us=0 attr=0 link="" params="" ["e","n","t","e","r"," ","s","e","n","d"]
  011-012 w=1 size=0 fg=0x0 bg=0x0 ul=0x0 us=0 attr=0 link="" params="" [" "," "]
  013-025 w=1 size=0 fg=0x1000008 bg=0x0 ul=0x0 us=0 attr=0 link="" params="" ["↑"," ","s","c","r","o","l","l"," ","b","a","c","k"]
  026-027 w=1 size=0 fg=0x0 bg=0x0 ul=0x0 us=0 attr=0 link="" params="" [" "," "]
  028-036 w=1 size=0 fg=0x1000008 bg=0x0 ul=0x0 us=0 attr=0 link="" params="" ["e","s","c"," ","c","h","a","t","s"]
  037-038 w=1 size=0 fg=0x0 bg=0x0 ul=0x0 us=0 attr=0 link="" params="" [" "," "]
  039-046 w=1 size=0 fg=0x1000008 bg=0x0 ul=0x0 us=0 attr=0 link="" params="" ["t","a","b"," ","l","i","s","t"]
  047-066 w=1 size=0 fg=0x0 bg=0x0 ul=0x0 us=0 attr=0 link="" params="" [" "," "," "," "," "," "," "," "," "," "," "," "," "," "," "," "," "," "," "," "]
tier color
layout {Shape:stack Chrome:2 ChatList:{Col:0 Row:0 Width:0 Height:24} Header:{Col:0 Row:0 Width:67 Height:1} Transcript:{Col:0 Row:1 Width:67 Height:21} Composer:{Col:0 Row:22 Width:67 Height:1} HintBar:{Col:0 Row:23 Width:67 Height:1} ListFocused:false}
size 67x24
cursor {Column:3 Row:22 Style:6 Visible:true}
placements []
row 00
  000-000 w=1 size=0 fg=0x0 bg=0x21d1e22 ul=0x0 us=0 attr=0 link="" params="" [" "]
  001-009 w=1 size=0 fg=0x2e4e4e6 bg=0x21d1e22 ul=0x0 us=0 attr=2 link="" params="" ["c","o","n","t","a","c","t"," ","0"]
  010-066 w=1 size=0 fg=0x0 bg=0x21d1e22 ul=0x0 us=0 attr=0 link="" params="" [" "," "," "," "," "," "," "," "," "," "," "," "," "," "," "," "," "," "," "," "," "," "," "," "," "," "," "," "," "," "," "," "," "," "," "," "," "," "," "," "," "," "," "," "," "," "," "," "," "," "," "," "," "," "," "," "," "]
row 01
  000-001 w=1 size=0 fg=0x0 bg=0x2121418 ul=0x0 us=0 attr=0 link="" params="" [" "," "]
  002-002 w=1 size=0 fg=0x2494a4e bg=0x225272b ul=0x0 us=0 attr=0 link="" params="" ["│"]
  003-015 w=1 size=0 fg=0x2e4e4e6 bg=0x225272b ul=0x0 us=0 attr=0 link="" params="" [" ","a","r","o","u","n","d",","," ","s","e","e"," "]
  016-039 w=1 size=0 fg=0x2e4e4e6 bg=0x225272b ul=0x0 us=1 attr=0 link="https://example.com/spec" params="" ["h","t","t","p","s",":","/","/","e","x","a","m","p","l","e",".","c","o","m","/","s","p","e","c"]
  040-044 w=1 size=0 fg=0x2e4e4e6 bg=0x225272b ul=0x0 us=0 attr=0 link="" params="" [" "," "," "," "," "]
  045-050 w=1 size=0 fg=0x26a6b6f bg=0x225272b ul=0x0 us=0 attr=0 link="" params="" ["0","5",":","2","1"," "]
  051-051 w=1 size=0 fg=0x2494a4e bg=0x225272b ul=0x0 us=0 attr=0 link="" params="" ["│"]
  052-066 w=1 size=0 fg=0x0 bg=0x2121418 ul=0x0 us=0 attr=0 link="" params="" [" "," "," "," "," "," "," "," "," "," "," "," "," "," "," "]
row 02
  000-001 w=1 size=0 fg=0x0 bg=0x2121418 ul=0x0 us=0 attr=0 link="" params="" [" "," "]
  002-051 w=1 size=0 fg=0x2494a4e bg=0x225272b ul=0x0 us=0 attr=0 link="" params="" ["╰","─","─","─","─","─","─","─","─","─","─","─","─","─","─","─","─","─","─","─","─","─","─","─","─","─","─","─","─","─","─","─","─","─","─","─","─","─","─","─","─","─","─","─","─","─","─","─","─","╯"]
  052-066 w=1 size=0 fg=0x0 bg=0x2121418 ul=0x0 us=0 attr=0 link="" params="" [" "," "," "," "," "," "," "," "," "," "," "," "," "," "," "]
row 03
  000-066 w=1 size=0 fg=0x0 bg=0x2121418 ul=0x0 us=0 attr=0 link="" params="" [" "," "," "," "," "," "," "," "," "," "," "," "," "," "," "," "," "," "," "," "," "," "," "," "," "," "," "," "," "," "," "," "," "," "," "," "," "," "," "," "," "," "," "," "," "," "," "," "," "," "," "," "," "," "," "," "," "," "," "," "," "," "," "," "," "," "," "]
row 04
  000-014 w=1 size=0 fg=0x0 bg=0x2121418 ul=0x0 us=0 attr=0 link="" params="" [" "," "," "," "," "," "," "," "," "," "," "," "," "," "," "]
  015-064 w=1 size=0 fg=0x2494a4e bg=0x21e2f46 ul=0x0 us=0 attr=0 link="" params="" ["╭","─","─","─","─","─","─","─","─","─","─","─","─","─","─","─","─","─","─","─","─","─","─","─","─","─","─","─","─","─","─","─","─","─","─","─","─","─","─","─","─","─","─","─","─","─","─","─","─","╮"]
  065-066 w=1 size=0 fg=0x0 bg=0x2121418 ul=0x0 us=0 attr=0 link="" params="" [" "," "]
row 05
  000-014 w=1 size=0 fg=0x0 bg=0x2121418 ul=0x0 us=0 attr=0 link="" params="" [" "," "," "," "," "," "," "," "," "," "," "," "," "," "," "]
  015-015 w=1 size=0 fg=0x2494a4e bg=0x21e2f46 ul=0x0 us=0 attr=0 link="" params="" ["│"]
  016-063 w=1 size=0 fg=0x2e4e4e6 bg=0x21e2f46 ul=0x0 us=0 attr=0 link="" params="" [" ","P","R","O","T","O","C","O","L",".","m","d"," ","i","s"," ","t","h","e"," ","s","o","u","r","c","e"," ","o","f"," ","t","r","u","t","h",","," ","t","h","e"," ","d","a","e","m","o","n"," "]
  064-064 w=1 size=0 fg=0x2494a4e bg=0x21e2f46 ul=0x0 us=0 attr=0 link="" params="" ["│"]
  065-066 w=1 size=0 fg=0x0 bg=0x2121418 ul=0x0 us=0 attr=0 link="" params="" [" "," "]
row 06
  000-014 w=1 size=0 fg=0x0 bg=0x2121418 ul=0x0 us=0 attr=0 link="" params="" [" "," "," "," "," "," "," "," "," "," "," "," "," "," "," "]
  015-015 w=1 size=0 fg=0x2494a4e bg=0x21e2f46 ul=0x0 us=0 attr=0 link="" params="" ["│"]
  016-063 w=1 size=0 fg=0x2e4e4e6 bg=0x21e2f46 ul=0x0 us=0 attr=0 link="" params="" [" ","i","m","p","l","e","m","e","n","t","s"," ","t","h","e"," ","d","o","c","u","m","e","n","t"," ","a","n","d"," ","n","o","t"," ","t","h","e"," ","o","t","h","e","r"," ","w","a","y"," "," "]
  064-064 w=1 size=0 fg=0x2494a4e bg=0x21e2f46 ul=0x0 us=0 attr=0 link="" params="" ["│"]
  065-066 w=1 size=0 fg=0x0 bg=0x2121418 ul=0x0 us=0 attr=0 link="" params="" [" "," "]
row 07
  000-014 w=1 size=0 fg=0x0 bg=0x2121418 ul=0x0 us=0 attr=0 link="" params="" [" "," "," "," "," "," "," "," "," "," "," "," "," "," "," "]
  015-015 w=1 size=0 fg=0x2494a4e bg=0x21e2f46 ul=0x0 us=0 attr=0 link="" params="" ["│"]
  016-028 w=1 size=0 fg=0x2e4e4e6 bg=0x21e2f46 ul=0x0 us=0 attr=0 link="" params="" [" ","a","r","o","u","n","d",","," ","s","e","e"," "]
  029-052 w=1 size=0 fg=0x2e4e4e6 bg=0x21e2f46 ul=0x0 us=1 attr=0 link="https://example.com/spec" params="" ["h","t","t","p","s",":","/","/","e","x","a","m","p","l","e",".","c","o","m","/","s","p","e","c"]
  053-054 w=1 size=0 fg=0x2e4e4e6 bg=0x21e2f46 ul=0x0 us=0 attr=0 link="" params="" [" "," "]
  055-063 w=1 size=0 fg=0x26a6b6f bg=0x21e2f46 ul=0x0 us=0 attr=0 link="" params="" ["0","5",":","2","2"," ","✔","✔"," "]
  064-064 w=1 size=0 fg=0x2494a4e bg=0x21e2f46 ul=0x0 us=0 attr=0 link="" params="" ["│"]
  065-066 w=1 size=0 fg=0x0 bg=0x2121418 ul=0x0 us=0 attr=0 link="" params="" [" "," "]
row 08
  000-014 w=1 size=0 fg=0x0 bg=0x2121418 ul=0x0 us=0 attr=0 link="" params="" [" "," "," "," "," "," "," "," "," "," "," "," "," "," "," "]
  015-064 w=1 size=0 fg=0x2494a4e bg=0x21e2f46 ul=0x0 us=0 attr=0 link="" params="" ["╰","─","─","─","─","─","─","─","─","─","─","─","─","─","─","─","─","─","─","─","─","─","─","─","─","─","─","─","─","─","─","─","─","─","─","─","─","─","─","─","─","─","─","─","─","─","─","─","─","╯"]
  065-066 w=1 size=0 fg=0x0 bg=0x2121418 ul=0x0 us=0 attr=0 link="" params="" [" "," "]
row 09
  000-066 w=1 size=0 fg=0x0 bg=0x2121418 ul=0x0 us=0 attr=0 link="" params="" [" "," "," "," "," "," "," "," "," "," "," "," "," "," "," "," "," "," "," "," "," "," "," "," "," "," "," "," "," "," "," "," "," "," "," "," "," "," "," "," "," "," "," "," "," "," "," "," "," "," "," "," "," "," "," "," "," "," "," "," "," "," "," "," "," "," "," "]
row 10
  000-001 w=1 size=0 fg=0x0 bg=0x2121418 ul=0x0 us=0 attr=0 link="" params="" [" "," "]
  002-051 w=1 size=0 fg=0x2494a4e bg=0x225272b ul=0x0 us=0 attr=0 link="" params="" ["╭","─","─","─","─","─","─","─","─","─","─","─","─","─","─","─","─","─","─","─","─","─","─","─","─","─","─","─","─","─","─","─","─","─","─","─","─","─","─","─","─","─","─","─","─","─","─","─","─","╮"]
  052-066 w=1 size=0 fg=0x0 bg=0x2121418 ul=0x0 us=0 attr=0 link="" params="" [" "," "," "," "," "," "," "," "," "," "," "," "," "," "," "]
row 11
  000-001 w=1 size=0 fg=0x0 bg=0x2121418 ul=0x0 us=0 attr=0 link="" params="" [" "," "]
  002-002 w=1 size=0 fg=0x2494a4e bg=0x225272b ul=0x0 us=0 attr=0 link="" params="" ["│"]
  003-050 w=1 size=0 fg=0x2e5a03d bg=0x225272b ul=0x0 us=0 attr=2 link="" params="" [" ","c","o","n","t","a","c","t"," ","0"," "," "," "," "," "," "," "," "," "," "," "," "," "," "," "," "," "," "," "," "," "," "," "," "," "," "," "," "," "," "," "," "," "," "," "," "," "," "]
  051-051 w=1 size=0 fg=0x2494a4e bg=0x225272b ul=0x0 us=0 attr=0 link="" params="" ["│"]
  052-066 w=1 size=0 fg=0x0 bg=0x2121418 ul=0x0 us=0 attr=0 link="" params="" [" "," "," "," "," "," "," "," "," "," "," "," "," "," "," "]
row 12
  000-001 w=1 size=0 fg=0x0 bg=0x2121418 ul=0x0 us=0 attr=0 link="" params="" [" "," "]
  002-002 w=1 size=0 fg=0x2494a4e bg=0x225272b ul=0x0 us=0 attr=0 link="" params="" ["│"]
  003-050 w=1 size=0 fg=0x2e4e4e6 bg=0x225272b ul=0x0 us=0 attr=0 link="" params="" [" ","P","R","O","T","O","C","O","L",".","m","d"," ","i","s"," ","t","h","e"," ","s","o","u","r","c","e"," ","o","f"," ","t","r","u","t","h",","," ","t","h","e"," ","d","a","e","m","o","n"," "]
  051-051 w=1 size=0 fg=0x2494a4e bg=0x225272b ul=0x0 us=0 attr=0 link="" params="" ["│"]
  052-066 w=1 size=0 fg=0x0 bg=0x2121418 ul=0x0 us=0 attr=0 link="" params="" [" "," "," "," "," "," "," "," "," "," "," "," "," "," "," "]
row 13
  000-001 w=1 size=0 fg=0x0 bg=0x2121418 ul=0x0 us=0 attr=0 link="" params="" [" "," "]
  002-002 w=1 size=0 fg=0x2494a4e bg=0x225272b ul=0x0 us=0 attr=0 link="" params="" ["│"]
  003-050 w=1 size=0 fg=0x2e4e4e6 bg=0x225272b ul=0x0 us=0 attr=0 link="" params="" [" ","i","m","p","l","e","m","e","n","t","s"," ","t","h","e"," ","d","o","c","u","m","e","n","t"," ","a","n","d"," ","n","o","t"," ","t","h","e"," ","o","t","h","e","r"," ","w","a","y"," "," "]
  051-051 w=1 size=0 fg=0x2494a4e bg=0x225272b ul=0x0 us=0 attr=0 link="" params="" ["│"]
  052-066 w=1 size=0 fg=0x0 bg=0x2121418 ul=0x0 us=0 attr=0 link="" params="" [" "," "," "," "," "," "," "," "," "," "," "," "," "," "," "]
row 14
  000-001 w=1 size=0 fg=0x0 bg=0x2121418 ul=0x0 us=0 attr=0 link="" params="" [" "," "]
  002-002 w=1 size=0 fg=0x2494a4e bg=0x225272b ul=0x0 us=0 attr=0 link="" params="" ["│"]
  003-015 w=1 size=0 fg=0x2e4e4e6 bg=0x225272b ul=0x0 us=0 attr=0 link="" params="" [" ","a","r","o","u","n","d",","," ","s","e","e"," "]
  016-039 w=1 size=0 fg=0x2e4e4e6 bg=0x225272b ul=0x0 us=1 attr=0 link="https://example.com/spec" params="" ["h","t","t","p","s",":","/","/","e","x","a","m","p","l","e",".","c","o","m","/","s","p","e","c"]
  040-044 w=1 size=0 fg=0x2e4e4e6 bg=0x225272b ul=0x0 us=0 attr=0 link="" params="" [" "," "," "," "," "]
  045-050 w=1 size=0 fg=0x26a6b6f bg=0x225272b ul=0x0 us=0 attr=0 link="" params="" ["0","5",":","2","3"," "]
  051-051 w=1 size=0 fg=0x2494a4e bg=0x225272b ul=0x0 us=0 attr=0 link="" params="" ["│"]
  052-066 w=1 size=0 fg=0x0 bg=0x2121418 ul=0x0 us=0 attr=0 link="" params="" [" "," "," "," "," "," "," "," "," "," "," "," "," "," "," "]
row 15
  000-001 w=1 size=0 fg=0x0 bg=0x2121418 ul=0x0 us=0 attr=0 link="" params="" [" "," "]
  002-051 w=1 size=0 fg=0x2494a4e bg=0x225272b ul=0x0 us=0 attr=0 link="" params="" ["╰","─","─","─","─","─","─","─","─","─","─","─","─","─","─","─","─","─","─","─","─","─","─","─","─","─","─","─","─","─","─","─","─","─","─","─","─","─","─","─","─","─","─","─","─","─","─","─","─","╯"]
  052-066 w=1 size=0 fg=0x0 bg=0x2121418 ul=0x0 us=0 attr=0 link="" params="" [" "," "," "," "," "," "," "," "," "," "," "," "," "," "," "]
row 16
  000-066 w=1 size=0 fg=0x0 bg=0x2121418 ul=0x0 us=0 attr=0 link="" params="" [" "," "," "," "," "," "," "," "," "," "," "," "," "," "," "," "," "," "," "," "," "," "," "," "," "," "," "," "," "," "," "," "," "," "," "," "," "," "," "," "," "," "," "," "," "," "," "," "," "," "," "," "," "," "," "," "," "," "," "," "," "," "," "," "," "," "," "]
row 17
  000-014 w=1 size=0 fg=0x0 bg=0x2121418 ul=0x0 us=0 attr=0 link="" params="" [" "," "," "," "," "," "," "," "," "," "," "," "," "," "," "]
  015-064 w=1 size=0 fg=0x2494a4e bg=0x21e2f46 ul=0x0 us=0 attr=0 link="" params="" ["╭","─","─","─","─","─","─","─","─","─","─","─","─","─","─","─","─","─","─","─","─","─","─","─","─","─","─","─","─","─","─","─","─","─","─","─","─","─","─","─","─","─","─","─","─","─","─","─","─","╮"]
  065-066 w=1 size=0 fg=0x0 bg=0x2121418 ul=0x0 us=0 attr=0 link="" params="" [" "," "]
row 18
  000-014 w=1 size=0 fg=0x0 bg=0x2121418 ul=0x0 us=0 attr=0 link="" params="" [" "," "," "," "," "," "," "," "," "," "," "," "," "," "," "]
  015-015 w=1 size=0 fg=0x2494a4e bg=0x21e2f46 ul=0x0 us=0 attr=0 link="" params="" ["│"]
  016-063 w=1 size=0 fg=0x2e4e4e6 bg=0x21e2f46 ul=0x0 us=0 attr=0 link="" params="" [" ","P","R","O","T","O","C","O","L",".","m","d"," ","i","s"," ","t","h","e"," ","s","o","u","r","c","e"," ","o","f"," ","t","r","u","t","h",","," ","t","h","e"," ","d","a","e","m","o","n"," "]
  064-064 w=1 size=0 fg=0x2494a4e bg=0x21e2f46 ul=0x0 us=0 attr=0 link="" params="" ["│"]
  065-066 w=1 size=0 fg=0x0 bg=0x2121418 ul=0x0 us=0 attr=0 link="" params="" [" "," "]
row 19
  000-014 w=1 size=0 fg=0x0 bg=0x2121418 ul=0x0 us=0 attr=0 link="" params="" [" "," "," "," "," "," "," "," "," "," "," "," "," "," "," "]
  015-015 w=1 size=0 fg=0x2494a4e bg=0x21e2f46 ul=0x0 us=0 attr=0 link="" params="" ["│"]
  016-063 w=1 size=0 fg=0x2e4e4e6 bg=0x21e2f46 ul=0x0 us=0 attr=0 link="" params="" [" ","i","m","p","l","e","m","e","n","t","s"," ","t","h","e"," ","d","o","c","u","m","e","n","t"," ","a","n","d"," ","n","o","t"," ","t","h","e"," ","o","t","h","e","r"," ","w","a","y"," "," "]
  064-064 w=1 size=0 fg=0x2494a4e bg=0x21e2f46 ul=0x0 us=0 attr=0 link="" params="" ["│"]
  065-066 w=1 size=0 fg=0x0 bg=0x2121418 ul=0x0 us=0 attr=0 link="" params="" [" "," "]
row 20
  000-014 w=1 size=0 fg=0x0 bg=0x2121418 ul=0x0 us=0 attr=0 link="" params="" [" "," "," "," "," "," "," "," "," "," "," "," "," "," "," "]
  015-015 w=1 size=0 fg=0x2494a4e bg=0x21e2f46 ul=0x0 us=0 attr=0 link="" params="" ["│"]
  016-028 w=1 size=0 fg=0x2e4e4e6 bg=0x21e2f46 ul=0x0 us=0 attr=0 link="" params="" [" ","a","r","o","u","n","d",","," ","s","e","e"," "]
  029-052 w=1 size=0 fg=0x2e4e4e6 bg=0x21e2f46 ul=0x0 us=1 attr=0 link="https://example.com/spec" params="" ["h","t","t","p","s",":","/","/","e","x","a","m","p","l","e",".","c","o","m","/","s","p","e","c"]
  053-054 w=1 size=0 fg=0x2e4e4e6 bg=0x21e2f46 ul=0x0 us=0 attr=0 link="" params="" [" "," "]
  055-063 w=1 size=0 fg=0x26a6b6f bg=0x21e2f46 ul=0x0 us=0 attr=0 link="" params="" ["0","5",":","2","4"," ","✔","✔"," "]
  064-064 w=1 size=0 fg=0x2494a4e bg=0x21e2f46 ul=0x0 us=0 attr=0 link="" params="" ["│"]
  065-066 w=1 size=0 fg=0x0 bg=0x2121418 ul=0x0 us=0 attr=0 link="" params="" [" "," "]
row 21
  000-014 w=1 size=0 fg=0x0 bg=0x2121418 ul=0x0 us=0 attr=0 link="" params="" [" "," "," "," "," "," "," "," "," "," "," "," "," "," "," "]
  015-064 w=1 size=0 fg=0x2494a4e bg=0x21e2f46 ul=0x0 us=0 attr=0 link="" params="" ["╰","─","─","─","─","─","─","─","─","─","─","─","─","─","─","─","─","─","─","─","─","─","─","─","─","─","─","─","─","─","─","─","─","─","─","─","─","─","─","─","─","─","─","─","─","─","─","─","─","╯"]
  065-066 w=1 size=0 fg=0x0 bg=0x2121418 ul=0x0 us=0 attr=0 link="" params="" [" "," "]
row 22
  000-000 w=1 size=0 fg=0x0 bg=0x21d1e22 ul=0x0 us=0 attr=0 link="" params="" [" "]
  001-001 w=1 size=0 fg=0x24c9aff bg=0x21d1e22 ul=0x0 us=0 attr=0 link="" params="" ["›"]
  002-002 w=1 size=0 fg=0x0 bg=0x21d1e22 ul=0x0 us=0 attr=0 link="" params="" [" "]
  003-016 w=1 size=0 fg=0x26a6b6f bg=0x21d1e22 ul=0x0 us=0 attr=0 link="" params="" ["t","y","p","e"," ","a"," ","m","e","s","s","a","g","e"]
  017-066 w=1 size=0 fg=0x0 bg=0x21d1e22 ul=0x0 us=0 attr=0 link="" params="" [" "," "," "," "," "," "," "," "," "," "," "," "," "," "," "," "," "," "," "," "," "," "," "," "," "," "," "," "," "," "," "," "," "," "," "," "," "," "," "," "," "," "," "," "," "," "," "," "," "," "]
row 23
  000-000 w=1 size=0 fg=0x0 bg=0x2121418 ul=0x0 us=0 attr=0 link="" params="" [" "]
  001-010 w=1 size=0 fg=0x26a6b6f bg=0x0 ul=0x0 us=0 attr=0 link="" params="" ["e","n","t","e","r"," ","s","e","n","d"]
  011-012 w=1 size=0 fg=0x0 bg=0x2121418 ul=0x0 us=0 attr=0 link="" params="" [" "," "]
  013-025 w=1 size=0 fg=0x26a6b6f bg=0x0 ul=0x0 us=0 attr=0 link="" params="" ["↑"," ","s","c","r","o","l","l"," ","b","a","c","k"]
  026-027 w=1 size=0 fg=0x0 bg=0x2121418 ul=0x0 us=0 attr=0 link="" params="" [" "," "]
  028-036 w=1 size=0 fg=0x26a6b6f bg=0x0 ul=0x0 us=0 attr=0 link="" params="" ["e","s","c"," ","c","h","a","t","s"]
  037-038 w=1 size=0 fg=0x0 bg=0x2121418 ul=0x0 us=0 attr=0 link="" params="" [" "," "]
  039-046 w=1 size=0 fg=0x26a6b6f bg=0x0 ul=0x0 us=0 attr=0 link="" params="" ["t","a","b"," ","l","i","s","t"]
  047-066 w=1 size=0 fg=0x0 bg=0x2121418 ul=0x0 us=0 attr=0 link="" params="" [" "," "," "," "," "," "," "," "," "," "," "," "," "," "," "," "," "," "," "," "]
tier graphics
layout {Shape:stack Chrome:2 ChatList:{Col:0 Row:0 Width:0 Height:24} Header:{Col:0 Row:0 Width:67 Height:1} Transcript:{Col:0 Row:1 Width:67 Height:21} Composer:{Col:0 Row:22 Width:67 Height:1} HintBar:{Col:0 Row:23 Width:67 Height:1} ListFocused:false}
size 67x24
cursor {Column:3 Row:22 Style:6 Visible:true}
placements [{Column:65 Row:1 Width:1 Height:1 ImageID:1 XOffset:2 YOffset:3 ZIndex:-2}]
row 00
  000-000 w=1 size=0 fg=0x0 bg=0x21d1e22 ul=0x0 us=0 attr=0 link="" params="" [" "]
  001-009 w=1 size=0 fg=0x2e4e4e6 bg=0x21d1e22 ul=0x0 us=0 attr=2 link="" params="" ["c","o","n","t","a","c","t"," ","0"]
  010-066 w=1 size=0 fg=0x0 bg=0x21d1e22 ul=0x0 us=0 attr=0 link="" params="" [" "," "," "," "," "," "," "," "," "," "," "," "," "," "," "," "," "," "," "," "," "," "," "," "," "," "," "," "," "," "," "," "," "," "," "," "," "," "," "," "," "," "," "," "," "," "," "," "," "," "," "," "," "," "," "," "," "]
row 01
  000-001 w=1 size=0 fg=0x0 bg=0x2121418 ul=0x0 us=0 attr=0 link="" params="" [" "," "]
  002-002 w=1 size=0 fg=0x2494a4e bg=0x225272b ul=0x0 us=0 attr=0 link="" params="" ["│"]
  003-015 w=1 size=0 fg=0x2e4e4e6 bg=0x225272b ul=0x0 us=0 attr=0 link="" params="" [" ","a","r","o","u","n","d",","," ","s","e","e"," "]
  016-039 w=1 size=0 fg=0x2e4e4e6 bg=0x225272b ul=0x0 us=1 attr=0 link="https://example.com/spec" params="" ["h","t","t","p","s",":","/","/","e","x","a","m","p","l","e",".","c","o","m","/","s","p","e","c"]
  040-044 w=1 size=0 fg=0x2e4e4e6 bg=0x225272b ul=0x0 us=0 attr=0 link="" params="" [" "," "," "," "," "]
  045-050 w=1 size=0 fg=0x26a6b6f bg=0x225272b ul=0x0 us=0 attr=0 link="" params="" ["0","5",":","2","1"," "]
  051-051 w=1 size=0 fg=0x2494a4e bg=0x225272b ul=0x0 us=0 attr=0 link="" params="" ["│"]
  052-066 w=1 size=0 fg=0x0 bg=0x2121418 ul=0x0 us=0 attr=0 link="" params="" [" "," "," "," "," "," "," "," "," "," "," "," "," "," "," "]
row 02
  000-001 w=1 size=0 fg=0x0 bg=0x2121418 ul=0x0 us=0 attr=0 link="" params="" [" "," "]
  002-051 w=1 size=0 fg=0x2494a4e bg=0x225272b ul=0x0 us=0 attr=0 link="" params="" ["╰","─","─","─","─","─","─","─","─","─","─","─","─","─","─","─","─","─","─","─","─","─","─","─","─","─","─","─","─","─","─","─","─","─","─","─","─","─","─","─","─","─","─","─","─","─","─","─","─","╯"]
  052-066 w=1 size=0 fg=0x0 bg=0x2121418 ul=0x0 us=0 attr=0 link="" params="" [" "," "," "," "," "," "," "," "," "," "," "," "," "," "," "]
row 03
  000-066 w=1 size=0 fg=0x0 bg=0x2121418 ul=0x0 us=0 attr=0 link="" params="" [" "," "," "," "," "," "," "," "," "," "," "," "," "," "," "," "," "," "," "," "," "," "," "," "," "," "," "," "," "," "," "," "," "," "," "," "," "," "," "," "," "," "," "," "," "," "," "," "," "," "," "," "," "," "," "," "," "," "," "," "," "," "," "," "," "," "," "]
row 04
  000-014 w=1 size=0 fg=0x0 bg=0x2121418 ul=0x0 us=0 attr=0 link="" params="" [" "," "," "," "," "," "," "," "," "," "," "," "," "," "," "]
  015-064 w=1 size=0 fg=0x2494a4e bg=0x21e2f46 ul=0x0 us=0 attr=0 link="" params="" ["╭","─","─","─","─","─","─","─","─","─","─","─","─","─","─","─","─","─","─","─","─","─","─","─","─","─","─","─","─","─","─","─","─","─","─","─","─","─","─","─","─","─","─","─","─","─","─","─","─","╮"]
  065-066 w=1 size=0 fg=0x0 bg=0x2121418 ul=0x0 us=0 attr=0 link="" params="" [" "," "]
row 05
  000-014 w=1 size=0 fg=0x0 bg=0x2121418 ul=0x0 us=0 attr=0 link="" params="" [" "," "," "," "," "," "," "," "," "," "," "," "," "," "," "]
  015-015 w=1 size=0 fg=0x2494a4e bg=0x21e2f46 ul=0x0 us=0 attr=0 link="" params="" ["│"]
  016-063 w=1 size=0 fg=0x2e4e4e6 bg=0x21e2f46 ul=0x0 us=0 attr=0 link="" params="" [" ","P","R","O","T","O","C","O","L",".","m","d"," ","i","s"," ","t","h","e"," ","s","o","u","r","c","e"," ","o","f"," ","t","r","u","t","h",","," ","t","h","e"," ","d","a","e","m","o","n"," "]
  064-064 w=1 size=0 fg=0x2494a4e bg=0x21e2f46 ul=0x0 us=0 attr=0 link="" params="" ["│"]
  065-066 w=1 size=0 fg=0x0 bg=0x2121418 ul=0x0 us=0 attr=0 link="" params="" [" "," "]
row 06
  000-014 w=1 size=0 fg=0x0 bg=0x2121418 ul=0x0 us=0 attr=0 link="" params="" [" "," "," "," "," "," "," "," "," "," "," "," "," "," "," "]
  015-015 w=1 size=0 fg=0x2494a4e bg=0x21e2f46 ul=0x0 us=0 attr=0 link="" params="" ["│"]
  016-063 w=1 size=0 fg=0x2e4e4e6 bg=0x21e2f46 ul=0x0 us=0 attr=0 link="" params="" [" ","i","m","p","l","e","m","e","n","t","s"," ","t","h","e"," ","d","o","c","u","m","e","n","t"," ","a","n","d"," ","n","o","t"," ","t","h","e"," ","o","t","h","e","r"," ","w","a","y"," "," "]
  064-064 w=1 size=0 fg=0x2494a4e bg=0x21e2f46 ul=0x0 us=0 attr=0 link="" params="" ["│"]
  065-066 w=1 size=0 fg=0x0 bg=0x2121418 ul=0x0 us=0 attr=0 link="" params="" [" "," "]
row 07
  000-014 w=1 size=0 fg=0x0 bg=0x2121418 ul=0x0 us=0 attr=0 link="" params="" [" "," "," "," "," "," "," "," "," "," "," "," "," "," "," "]
  015-015 w=1 size=0 fg=0x2494a4e bg=0x21e2f46 ul=0x0 us=0 attr=0 link="" params="" ["│"]
  016-028 w=1 size=0 fg=0x2e4e4e6 bg=0x21e2f46 ul=0x0 us=0 attr=0 link="" params="" [" ","a","r","o","u","n","d",","," ","s","e","e"," "]
  029-052 w=1 size=0 fg=0x2e4e4e6 bg=0x21e2f46 ul=0x0 us=1 attr=0 link="https://example.com/spec" params="" ["h","t","t","p","s",":","/","/","e","x","a","m","p","l","e",".","c","o","m","/","s","p","e","c"]
  053-054 w=1 size=0 fg=0x2e4e4e6 bg=0x21e2f46 ul=0x0 us=0 attr=0 link="" params="" [" "," "]
  055-063 w=1 size=0 fg=0x26a6b6f bg=0x21e2f46 ul=0x0 us=0 attr=0 link="" params="" ["0","5",":","2","2"," ","✔","✔"," "]
  064-064 w=1 size=0 fg=0x2494a4e bg=0x21e2f46 ul=0x0 us=0 attr=0 link="" params="" ["│"]
  065-066 w=1 size=0 fg=0x0 bg=0x2121418 ul=0x0 us=0 attr=0 link="" params="" [" "," "]
row 08
  000-014 w=1 size=0 fg=0x0 bg=0x2121418 ul=0x0 us=0 attr=0 link="" params="" [" "," "," "," "," "," "," "," "," "," "," "," "," "," "," "]
  015-064 w=1 size=0 fg=0x2494a4e bg=0x21e2f46 ul=0x0 us=0 attr=0 link="" params="" ["╰","─","─","─","─","─","─","─","─","─","─","─","─","─","─","─","─","─","─","─","─","─","─","─","─","─","─","─","─","─","─","─","─","─","─","─","─","─","─","─","─","─","─","─","─","─","─","─","─","╯"]
  065-066 w=1 size=0 fg=0x0 bg=0x2121418 ul=0x0 us=0 attr=0 link="" params="" [" "," "]
row 09
  000-066 w=1 size=0 fg=0x0 bg=0x2121418 ul=0x0 us=0 attr=0 link="" params="" [" "," "," "," "," "," "," "," "," "," "," "," "," "," "," "," "," "," "," "," "," "," "," "," "," "," "," "," "," "," "," "," "," "," "," "," "," "," "," "," "," "," "," "," "," "," "," "," "," "," "," "," "," "," "," "," "," "," "," "," "," "," "," "," "," "," "," "]
row 10
  000-001 w=1 size=0 fg=0x0 bg=0x2121418 ul=0x0 us=0 attr=0 link="" params="" [" "," "]
  002-051 w=1 size=0 fg=0x2494a4e bg=0x225272b ul=0x0 us=0 attr=0 link="" params="" ["╭","─","─","─","─","─","─","─","─","─","─","─","─","─","─","─","─","─","─","─","─","─","─","─","─","─","─","─","─","─","─","─","─","─","─","─","─","─","─","─","─","─","─","─","─","─","─","─","─","╮"]
  052-066 w=1 size=0 fg=0x0 bg=0x2121418 ul=0x0 us=0 attr=0 link="" params="" [" "," "," "," "," "," "," "," "," "," "," "," "," "," "," "]
row 11
  000-001 w=1 size=0 fg=0x0 bg=0x2121418 ul=0x0 us=0 attr=0 link="" params="" [" "," "]
  002-002 w=1 size=0 fg=0x2494a4e bg=0x225272b ul=0x0 us=0 attr=0 link="" params="" ["│"]
  003-050 w=1 size=0 fg=0x2e5a03d bg=0x225272b ul=0x0 us=0 attr=2 link="" params="" [" ","c","o","n","t","a","c","t"," ","0"," "," "," "," "," "," "," "," "," "," "," "," "," "," "," "," "," "," "," "," "," "," "," "," "," "," "," "," "," "," "," "," "," "," "," "," "," "," "]
  051-051 w=1 size=0 fg=0x2494a4e bg=0x225272b ul=0x0 us=0 attr=0 link="" params="" ["│"]
  052-066 w=1 size=0 fg=0x0 bg=0x2121418 ul=0x0 us=0 attr=0 link="" params="" [" "," "," "," "," "," "," "," "," "," "," "," "," "," "," "]
row 12
  000-001 w=1 size=0 fg=0x0 bg=0x2121418 ul=0x0 us=0 attr=0 link="" params="" [" "," "]
  002-002 w=1 size=0 fg=0x2494a4e bg=0x225272b ul=0x0 us=0 attr=0 link="" params="" ["│"]
  003-050 w=1 size=0 fg=0x2e4e4e6 bg=0x225272b ul=0x0 us=0 attr=0 link="" params="" [" ","P","R","O","T","O","C","O","L",".","m","d"," ","i","s"," ","t","h","e"," ","s","o","u","r","c","e"," ","o","f"," ","t","r","u","t","h",","," ","t","h","e"," ","d","a","e","m","o","n"," "]
  051-051 w=1 size=0 fg=0x2494a4e bg=0x225272b ul=0x0 us=0 attr=0 link="" params="" ["│"]
  052-066 w=1 size=0 fg=0x0 bg=0x2121418 ul=0x0 us=0 attr=0 link="" params="" [" "," "," "," "," "," "," "," "," "," "," "," "," "," "," "]
row 13
  000-001 w=1 size=0 fg=0x0 bg=0x2121418 ul=0x0 us=0 attr=0 link="" params="" [" "," "]
  002-002 w=1 size=0 fg=0x2494a4e bg=0x225272b ul=0x0 us=0 attr=0 link="" params="" ["│"]
  003-050 w=1 size=0 fg=0x2e4e4e6 bg=0x225272b ul=0x0 us=0 attr=0 link="" params="" [" ","i","m","p","l","e","m","e","n","t","s"," ","t","h","e"," ","d","o","c","u","m","e","n","t"," ","a","n","d"," ","n","o","t"," ","t","h","e"," ","o","t","h","e","r"," ","w","a","y"," "," "]
  051-051 w=1 size=0 fg=0x2494a4e bg=0x225272b ul=0x0 us=0 attr=0 link="" params="" ["│"]
  052-066 w=1 size=0 fg=0x0 bg=0x2121418 ul=0x0 us=0 attr=0 link="" params="" [" "," "," "," "," "," "," "," "," "," "," "," "," "," "," "]
row 14
  000-001 w=1 size=0 fg=0x0 bg=0x2121418 ul=0x0 us=0 attr=0 link="" params="" [" "," "]
  002-002 w=1 size=0 fg=0x2494a4e bg=0x225272b ul=0x0 us=0 attr=0 link="" params="" ["│"]
  003-015 w=1 size=0 fg=0x2e4e4e6 bg=0x225272b ul=0x0 us=0 attr=0 link="" params="" [" ","a","r","o","u","n","d",","," ","s","e","e"," "]
  016-039 w=1 size=0 fg=0x2e4e4e6 bg=0x225272b ul=0x0 us=1 attr=0 link="https://example.com/spec" params="" ["h","t","t","p","s",":","/","/","e","x","a","m","p","l","e",".","c","o","m","/","s","p","e","c"]
  040-044 w=1 size=0 fg=0x2e4e4e6 bg=0x225272b ul=0x0 us=0 attr=0 link="" params="" [" "," "," "," "," "]
  045-050 w=1 size=0 fg=0x26a6b6f bg=0x225272b ul=0x0 us=0 attr=0 link="" params="" ["0","5",":","2","3"," "]
  051-051 w=1 size=0 fg=0x2494a4e bg=0x225272b ul=0x0 us=0 attr=0 link="" params="" ["│"]
  052-066 w=1 size=0 fg=0x0 bg=0x2121418 ul=0x0 us=0 attr=0 link="" params="" [" "," "," "," "," "," "," "," "," "," "," "," "," "," "," "]
row 15
  000-001 w=1 size=0 fg=0x0 bg=0x2121418 ul=0x0 us=0 attr=0 link="" params="" [" "," "]
  002-051 w=1 size=0 fg=0x2494a4e bg=0x225272b ul=0x0 us=0 attr=0 link="" params="" ["╰","─","─","─","─","─","─","─","─","─","─","─","─","─","─","─","─","─","─","─","─","─","─","─","─","─","─","─","─","─","─","─","─","─","─","─","─","─","─","─","─","─","─","─","─","─","─","─","─","╯"]
  052-066 w=1 size=0 fg=0x0 bg=0x2121418 ul=0x0 us=0 attr=0 link="" params="" [" "," "," "," "," "," "," "," "," "," "," "," "," "," "," "]
row 16
  000-066 w=1 size=0 fg=0x0 bg=0x2121418 ul=0x0 us=0 attr=0 link="" params="" [" "," "," "," "," "," "," "," "," "," "," "," "," "," "," "," "," "," "," "," "," "," "," "," "," "," "," "," "," "," "," "," "," "," "," "," "," "," "," "," "," "," "," "," "," "," "," "," "," "," "," "," "," "," "," "," "," "," "," "," "," "," "," "," "," "," "," "]
row 17
  000-014 w=1 size=0 fg=0x0 bg=0x2121418 ul=0x0 us=0 attr=0 link="" params="" [" "," "," "," "," "," "," "," "," "," "," "," "," "," "," "]
  015-064 w=1 size=0 fg=0x2494a4e bg=0x21e2f46 ul=0x0 us=0 attr=0 link="" params="" ["╭","─","─","─","─","─","─","─","─","─","─","─","─","─","─","─","─","─","─","─","─","─","─","─","─","─","─","─","─","─","─","─","─","─","─","─","─","─","─","─","─","─","─","─","─","─","─","─","─","╮"]
  065-066 w=1 size=0 fg=0x0 bg=0x2121418 ul=0x0 us=0 attr=0 link="" params="" [" "," "]
row 18
  000-014 w=1 size=0 fg=0x0 bg=0x2121418 ul=0x0 us=0 attr=0 link="" params="" [" "," "," "," "," "," "," "," "," "," "," "," "," "," "," "]
  015-015 w=1 size=0 fg=0x2494a4e bg=0x21e2f46 ul=0x0 us=0 attr=0 link="" params="" ["│"]
  016-063 w=1 size=0 fg=0x2e4e4e6 bg=0x21e2f46 ul=0x0 us=0 attr=0 link="" params="" [" ","P","R","O","T","O","C","O","L",".","m","d"," ","i","s"," ","t","h","e"," ","s","o","u","r","c","e"," ","o","f"," ","t","r","u","t","h",","," ","t","h","e"," ","d","a","e","m","o","n"," "]
  064-064 w=1 size=0 fg=0x2494a4e bg=0x21e2f46 ul=0x0 us=0 attr=0 link="" params="" ["│"]
  065-066 w=1 size=0 fg=0x0 bg=0x2121418 ul=0x0 us=0 attr=0 link="" params="" [" "," "]
row 19
  000-014 w=1 size=0 fg=0x0 bg=0x2121418 ul=0x0 us=0 attr=0 link="" params="" [" "," "," "," "," "," "," "," "," "," "," "," "," "," "," "]
  015-015 w=1 size=0 fg=0x2494a4e bg=0x21e2f46 ul=0x0 us=0 attr=0 link="" params="" ["│"]
  016-063 w=1 size=0 fg=0x2e4e4e6 bg=0x21e2f46 ul=0x0 us=0 attr=0 link="" params="" [" ","i","m","p","l","e","m","e","n","t","s"," ","t","h","e"," ","d","o","c","u","m","e","n","t"," ","a","n","d"," ","n","o","t"," ","t","h","e"," ","o","t","h","e","r"," ","w","a","y"," "," "]
  064-064 w=1 size=0 fg=0x2494a4e bg=0x21e2f46 ul=0x0 us=0 attr=0 link="" params="" ["│"]
  065-066 w=1 size=0 fg=0x0 bg=0x2121418 ul=0x0 us=0 attr=0 link="" params="" [" "," "]
row 20
  000-014 w=1 size=0 fg=0x0 bg=0x2121418 ul=0x0 us=0 attr=0 link="" params="" [" "," "," "," "," "," "," "," "," "," "," "," "," "," "," "]
  015-015 w=1 size=0 fg=0x2494a4e bg=0x21e2f46 ul=0x0 us=0 attr=0 link="" params="" ["│"]
  016-028 w=1 size=0 fg=0x2e4e4e6 bg=0x21e2f46 ul=0x0 us=0 attr=0 link="" params="" [" ","a","r","o","u","n","d",","," ","s","e","e"," "]
  029-052 w=1 size=0 fg=0x2e4e4e6 bg=0x21e2f46 ul=0x0 us=1 attr=0 link="https://example.com/spec" params="" ["h","t","t","p","s",":","/","/","e","x","a","m","p","l","e",".","c","o","m","/","s","p","e","c"]
  053-054 w=1 size=0 fg=0x2e4e4e6 bg=0x21e2f46 ul=0x0 us=0 attr=0 link="" params="" [" "," "]
  055-063 w=1 size=0 fg=0x26a6b6f bg=0x21e2f46 ul=0x0 us=0 attr=0 link="" params="" ["0","5",":","2","4"," ","✔","✔"," "]
  064-064 w=1 size=0 fg=0x2494a4e bg=0x21e2f46 ul=0x0 us=0 attr=0 link="" params="" ["│"]
  065-066 w=1 size=0 fg=0x0 bg=0x2121418 ul=0x0 us=0 attr=0 link="" params="" [" "," "]
row 21
  000-014 w=1 size=0 fg=0x0 bg=0x2121418 ul=0x0 us=0 attr=0 link="" params="" [" "," "," "," "," "," "," "," "," "," "," "," "," "," "," "]
  015-064 w=1 size=0 fg=0x2494a4e bg=0x21e2f46 ul=0x0 us=0 attr=0 link="" params="" ["╰","─","─","─","─","─","─","─","─","─","─","─","─","─","─","─","─","─","─","─","─","─","─","─","─","─","─","─","─","─","─","─","─","─","─","─","─","─","─","─","─","─","─","─","─","─","─","─","─","╯"]
  065-066 w=1 size=0 fg=0x0 bg=0x2121418 ul=0x0 us=0 attr=0 link="" params="" [" "," "]
row 22
  000-000 w=1 size=0 fg=0x0 bg=0x21d1e22 ul=0x0 us=0 attr=0 link="" params="" [" "]
  001-001 w=1 size=0 fg=0x24c9aff bg=0x21d1e22 ul=0x0 us=0 attr=0 link="" params="" ["›"]
  002-002 w=1 size=0 fg=0x0 bg=0x21d1e22 ul=0x0 us=0 attr=0 link="" params="" [" "]
  003-016 w=1 size=0 fg=0x26a6b6f bg=0x21d1e22 ul=0x0 us=0 attr=0 link="" params="" ["t","y","p","e"," ","a"," ","m","e","s","s","a","g","e"]
  017-066 w=1 size=0 fg=0x0 bg=0x21d1e22 ul=0x0 us=0 attr=0 link="" params="" [" "," "," "," "," "," "," "," "," "," "," "," "," "," "," "," "," "," "," "," "," "," "," "," "," "," "," "," "," "," "," "," "," "," "," "," "," "," "," "," "," "," "," "," "," "," "," "," "," "," "]
row 23
  000-000 w=1 size=0 fg=0x0 bg=0x2121418 ul=0x0 us=0 attr=0 link="" params="" [" "]
  001-010 w=1 size=0 fg=0x26a6b6f bg=0x0 ul=0x0 us=0 attr=0 link="" params="" ["e","n","t","e","r"," ","s","e","n","d"]
  011-012 w=1 size=0 fg=0x0 bg=0x2121418 ul=0x0 us=0 attr=0 link="" params="" [" "," "]
  013-025 w=1 size=0 fg=0x26a6b6f bg=0x0 ul=0x0 us=0 attr=0 link="" params="" ["↑"," ","s","c","r","o","l","l"," ","b","a","c","k"]
  026-027 w=1 size=0 fg=0x0 bg=0x2121418 ul=0x0 us=0 attr=0 link="" params="" [" "," "]
  028-036 w=1 size=0 fg=0x26a6b6f bg=0x0 ul=0x0 us=0 attr=0 link="" params="" ["e","s","c"," ","c","h","a","t","s"]
  037-038 w=1 size=0 fg=0x0 bg=0x2121418 ul=0x0 us=0 attr=0 link="" params="" [" "," "]
  039-046 w=1 size=0 fg=0x26a6b6f bg=0x0 ul=0x0 us=0 attr=0 link="" params="" ["t","a","b"," ","l","i","s","t"]
  047-066 w=1 size=0 fg=0x0 bg=0x2121418 ul=0x0 us=0 attr=0 link="" params="" [" "," "," "," "," "," "," "," "," "," "," "," "," "," "," "," "," "," "," "," "]
